--------- beginning of main
09-24 21:38:50.067 16184 16234 E VgcSdkManager: VgcSdkManager init versionName:1.0.0.2
09-24 21:38:50.629 16184 16360 E ion     : ioctl c0044901 failed with code -1: Invalid argument
09-24 21:38:50.632 16184 16331 E ion     : ioctl c0044901 failed with code -1: Invalid argument
09-24 21:38:50.669 16184 16330 E BufferQueueProducer: [SurfaceTexture-1-16184-0](id:3f3800000001,api:3,p:16184,c:16184) detachBuffer: slot 0 is not owned by the producer (state = FREE)
09-24 21:38:50.670 16184 16330 E BufferQueueProducer: [SurfaceTexture-1-16184-0](id:3f3800000001,api:3,p:16184,c:16184) detachBuffer: slot 1 is not owned by the producer (state = FREE)
09-24 21:38:50.670 16184 16330 E BufferQueueProducer: [SurfaceTexture-1-16184-0](id:3f3800000001,api:3,p:16184,c:16184) detachBuffer: slot 2 is not owned by the producer (state = FREE)
09-24 21:38:50.670 16184 16330 E BufferQueueProducer: [SurfaceTexture-1-16184-0](id:3f3800000001,api:3,p:16184,c:16184) detachBuffer: slot 3 is not owned by the producer (state = FREE)
09-24 21:38:50.670 16184 16330 E BufferQueueProducer: [SurfaceTexture-1-16184-0](id:3f3800000001,api:3,p:16184,c:16184) detachBuffer: slot 4 is not owned by the producer (state = FREE)
09-24 21:38:50.670 16184 16330 E BufferQueueProducer: [SurfaceTexture-1-16184-0](id:3f3800000001,api:3,p:16184,c:16184) detachBuffer: slot 5 is not owned by the producer (state = FREE)
09-24 21:38:50.671 16184 16330 E BufferQueueProducer: [SurfaceTexture-1-16184-0](id:3f3800000001,api:3,p:16184,c:16184) detachBuffer: slot 6 is not owned by the producer (state = FREE)
09-24 21:38:50.671 16184 16330 E BufferQueueProducer: [SurfaceTexture-1-16184-0](id:3f3800000001,api:3,p:16184,c:16184) detachBuffer: slot 7 is not owned by the producer (state = FREE)
09-24 21:38:50.671 16184 16330 E BufferQueueProducer: [SurfaceTexture-1-16184-0](id:3f3800000001,api:3,p:16184,c:16184) detachBuffer: slot 8 is not owned by the producer (state = FREE)
09-24 21:38:50.671 16184 16330 E BufferQueueProducer: [SurfaceTexture-1-16184-0](id:3f3800000001,api:3,p:16184,c:16184) detachBuffer: slot 9 is not owned by the producer (state = FREE)
09-24 21:38:50.672 16184 16330 E BufferQueueProducer: [SurfaceTexture-1-16184-0](id:3f3800000001,api:3,p:16184,c:16184) detachBuffer: slot 10 is not owned by the producer (state = FREE)
09-24 21:38:50.672 16184 16330 E BufferQueueProducer: [SurfaceTexture-1-16184-0](id:3f3800000001,api:3,p:16184,c:16184) detachBuffer: slot 11 is not owned by the producer (state = FREE)
09-24 21:38:50.672 16184 16330 E BufferQueueProducer: [SurfaceTexture-1-16184-0](id:3f3800000001,api:3,p:16184,c:16184) detachBuffer: slot 12 is not owned by the producer (state = FREE)
09-24 21:38:50.672 16184 16330 E BufferQueueProducer: [SurfaceTexture-1-16184-0](id:3f3800000001,api:3,p:16184,c:16184) detachBuffer: slot 13 is not owned by the producer (state = FREE)
09-24 21:38:50.672 16184 16330 E BufferQueueProducer: [SurfaceTexture-1-16184-0](id:3f3800000001,api:3,p:16184,c:16184) detachBuffer: slot 14 is not owned by the producer (state = FREE)
09-24 21:38:50.672 16184 16330 E BufferQueueProducer: [SurfaceTexture-1-16184-0](id:3f3800000001,api:3,p:16184,c:16184) detachBuffer: slot 15 is not owned by the producer (state = FREE)
09-24 21:38:50.672 16184 16330 E BufferQueueProducer: [SurfaceTexture-1-16184-0](id:3f3800000001,api:3,p:16184,c:16184) detachBuffer: slot 16 is not owned by the producer (state = FREE)
09-24 21:38:50.673 16184 16330 E BufferQueueProducer: [SurfaceTexture-1-16184-0](id:3f3800000001,api:3,p:16184,c:16184) detachBuffer: slot 17 is not owned by the producer (state = FREE)
09-24 21:38:50.673 16184 16330 E BufferQueueProducer: [SurfaceTexture-1-16184-0](id:3f3800000001,api:3,p:16184,c:16184) detachBuffer: slot 18 is not owned by the producer (state = FREE)
09-24 21:38:50.673 16184 16330 E BufferQueueProducer: [SurfaceTexture-1-16184-0](id:3f3800000001,api:3,p:16184,c:16184) detachBuffer: slot 19 is not owned by the producer (state = FREE)
09-24 21:38:50.673 16184 16330 E BufferQueueProducer: [SurfaceTexture-1-16184-0](id:3f3800000001,api:3,p:16184,c:16184) detachBuffer: slot 20 is not owned by the producer (state = FREE)
09-24 21:38:50.673 16184 16330 E BufferQueueProducer: [SurfaceTexture-1-16184-0](id:3f3800000001,api:3,p:16184,c:16184) detachBuffer: slot 21 is not owned by the producer (state = FREE)
09-24 21:38:50.673 16184 16330 E BufferQueueProducer: [SurfaceTexture-1-16184-0](id:3f3800000001,api:3,p:16184,c:16184) detachBuffer: slot 22 is not owned by the producer (state = FREE)
09-24 21:38:50.674 16184 16330 E BufferQueueProducer: [SurfaceTexture-1-16184-0](id:3f3800000001,api:3,p:16184,c:16184) detachBuffer: slot 23 is not owned by the producer (state = FREE)
09-24 21:38:50.674 16184 16330 E BufferQueueProducer: [SurfaceTexture-1-16184-0](id:3f3800000001,api:3,p:16184,c:16184) detachBuffer: slot 24 is not owned by the producer (state = FREE)
09-24 21:38:50.674 16184 16330 E BufferQueueProducer: [SurfaceTexture-1-16184-0](id:3f3800000001,api:3,p:16184,c:16184) detachBuffer: slot 25 is not owned by the producer (state = FREE)
09-24 21:38:50.674 16184 16330 E BufferQueueProducer: [SurfaceTexture-1-16184-0](id:3f3800000001,api:3,p:16184,c:16184) detachBuffer: slot 26 is not owned by the producer (state = FREE)
09-24 21:38:50.674 16184 16330 E BufferQueueProducer: [SurfaceTexture-1-16184-0](id:3f3800000001,api:3,p:16184,c:16184) detachBuffer: slot 27 is not owned by the producer (state = FREE)
09-24 21:38:50.674 16184 16330 E BufferQueueProducer: [SurfaceTexture-1-16184-0](id:3f3800000001,api:3,p:16184,c:16184) detachBuffer: slot 28 is not owned by the producer (state = FREE)
09-24 21:38:50.675 16184 16330 E BufferQueueProducer: [SurfaceTexture-1-16184-0](id:3f3800000001,api:3,p:16184,c:16184) detachBuffer: slot 29 is not owned by the producer (state = FREE)
09-24 21:38:50.675 16184 16330 E BufferQueueProducer: [SurfaceTexture-1-16184-0](id:3f3800000001,api:3,p:16184,c:16184) detachBuffer: slot 30 is not owned by the producer (state = FREE)
09-24 21:38:50.675 16184 16330 E BufferQueueProducer: [SurfaceTexture-1-16184-0](id:3f3800000001,api:3,p:16184,c:16184) detachBuffer: slot 31 is not owned by the producer (state = FREE)
09-24 21:38:50.675 16184 16330 E BufferQueueProducer: [SurfaceTexture-1-16184-0](id:3f3800000001,api:3,p:16184,c:16184) detachBuffer: slot 32 is not owned by the producer (state = FREE)
09-24 21:38:50.675 16184 16330 E BufferQueueProducer: [SurfaceTexture-1-16184-0](id:3f3800000001,api:3,p:16184,c:16184) detachBuffer: slot 33 is not owned by the producer (state = FREE)
09-24 21:38:50.675 16184 16330 E BufferQueueProducer: [SurfaceTexture-1-16184-0](id:3f3800000001,api:3,p:16184,c:16184) detachBuffer: slot 34 is not owned by the producer (state = FREE)
09-24 21:38:50.675 16184 16330 E BufferQueueProducer: [SurfaceTexture-1-16184-0](id:3f3800000001,api:3,p:16184,c:16184) detachBuffer: slot 35 is not owned by the producer (state = FREE)
09-24 21:38:50.675 16184 16330 E BufferQueueProducer: [SurfaceTexture-1-16184-0](id:3f3800000001,api:3,p:16184,c:16184) detachBuffer: slot 36 is not owned by the producer (state = FREE)
09-24 21:38:50.676 16184 16330 E BufferQueueProducer: [SurfaceTexture-1-16184-0](id:3f3800000001,api:3,p:16184,c:16184) detachBuffer: slot 37 is not owned by the producer (state = FREE)
09-24 21:38:50.676 16184 16330 E BufferQueueProducer: [SurfaceTexture-1-16184-0](id:3f3800000001,api:3,p:16184,c:16184) detachBuffer: slot 38 is not owned by the producer (state = FREE)
09-24 21:38:50.676 16184 16330 E BufferQueueProducer: [SurfaceTexture-1-16184-0](id:3f3800000001,api:3,p:16184,c:16184) detachBuffer: slot 39 is not owned by the producer (state = FREE)
09-24 21:38:50.676 16184 16330 E BufferQueueProducer: [SurfaceTexture-1-16184-0](id:3f3800000001,api:3,p:16184,c:16184) detachBuffer: slot 40 is not owned by the producer (state = FREE)
09-24 21:38:50.676 16184 16330 E BufferQueueProducer: [SurfaceTexture-1-16184-0](id:3f3800000001,api:3,p:16184,c:16184) detachBuffer: slot 41 is not owned by the producer (state = FREE)
09-24 21:38:50.676 16184 16330 E BufferQueueProducer: [SurfaceTexture-1-16184-0](id:3f3800000001,api:3,p:16184,c:16184) detachBuffer: slot 42 is not owned by the producer (state = FREE)
09-24 21:38:50.676 16184 16330 E BufferQueueProducer: [SurfaceTexture-1-16184-0](id:3f3800000001,api:3,p:16184,c:16184) detachBuffer: slot 43 is not owned by the producer (state = FREE)
09-24 21:38:50.677 16184 16330 E BufferQueueProducer: [SurfaceTexture-1-16184-0](id:3f3800000001,api:3,p:16184,c:16184) detachBuffer: slot 44 is not owned by the producer (state = FREE)
09-24 21:38:50.677 16184 16330 E BufferQueueProducer: [SurfaceTexture-1-16184-0](id:3f3800000001,api:3,p:16184,c:16184) detachBuffer: slot 45 is not owned by the producer (state = FREE)
09-24 21:38:50.677 16184 16330 E BufferQueueProducer: [SurfaceTexture-1-16184-0](id:3f3800000001,api:3,p:16184,c:16184) detachBuffer: slot 46 is not owned by the producer (state = FREE)
09-24 21:38:50.677 16184 16330 E BufferQueueProducer: [SurfaceTexture-1-16184-0](id:3f3800000001,api:3,p:16184,c:16184) detachBuffer: slot 47 is not owned by the producer (state = FREE)
09-24 21:38:50.677 16184 16330 E BufferQueueProducer: [SurfaceTexture-1-16184-0](id:3f3800000001,api:3,p:16184,c:16184) detachBuffer: slot 48 is not owned by the producer (state = FREE)
09-24 21:38:50.677 16184 16330 E BufferQueueProducer: [SurfaceTexture-1-16184-0](id:3f3800000001,api:3,p:16184,c:16184) detachBuffer: slot 49 is not owned by the producer (state = FREE)
09-24 21:38:50.678 16184 16330 E BufferQueueProducer: [SurfaceTexture-1-16184-0](id:3f3800000001,api:3,p:16184,c:16184) detachBuffer: slot 50 is not owned by the producer (state = FREE)
09-24 21:38:50.678 16184 16330 E BufferQueueProducer: [SurfaceTexture-1-16184-0](id:3f3800000001,api:3,p:16184,c:16184) detachBuffer: slot 51 is not owned by the producer (state = FREE)
09-24 21:38:50.678 16184 16330 E BufferQueueProducer: [SurfaceTexture-1-16184-0](id:3f3800000001,api:3,p:16184,c:16184) detachBuffer: slot 52 is not owned by the producer (state = FREE)
09-24 21:38:50.678 16184 16330 E BufferQueueProducer: [SurfaceTexture-1-16184-0](id:3f3800000001,api:3,p:16184,c:16184) detachBuffer: slot 53 is not owned by the producer (state = FREE)
09-24 21:38:50.678 16184 16330 E BufferQueueProducer: [SurfaceTexture-1-16184-0](id:3f3800000001,api:3,p:16184,c:16184) detachBuffer: slot 54 is not owned by the producer (state = FREE)
09-24 21:38:50.678 16184 16330 E BufferQueueProducer: [SurfaceTexture-1-16184-0](id:3f3800000001,api:3,p:16184,c:16184) detachBuffer: slot 55 is not owned by the producer (state = FREE)
09-24 21:38:50.678 16184 16330 E BufferQueueProducer: [SurfaceTexture-1-16184-0](id:3f3800000001,api:3,p:16184,c:16184) detachBuffer: slot 56 is not owned by the producer (state = FREE)
09-24 21:38:50.678 16184 16330 E BufferQueueProducer: [SurfaceTexture-1-16184-0](id:3f3800000001,api:3,p:16184,c:16184) detachBuffer: slot 57 is not owned by the producer (state = FREE)
09-24 21:38:50.679 16184 16330 E BufferQueueProducer: [SurfaceTexture-1-16184-0](id:3f3800000001,api:3,p:16184,c:16184) detachBuffer: slot 58 is not owned by the producer (state = FREE)
09-24 21:38:50.679 16184 16330 E BufferQueueProducer: [SurfaceTexture-1-16184-0](id:3f3800000001,api:3,p:16184,c:16184) detachBuffer: slot 59 is not owned by the producer (state = FREE)
09-24 21:38:50.679 16184 16330 E BufferQueueProducer: [SurfaceTexture-1-16184-0](id:3f3800000001,api:3,p:16184,c:16184) detachBuffer: slot 60 is not owned by the producer (state = FREE)
09-24 21:38:50.679 16184 16330 E BufferQueueProducer: [SurfaceTexture-1-16184-0](id:3f3800000001,api:3,p:16184,c:16184) detachBuffer: slot 61 is not owned by the producer (state = FREE)
09-24 21:38:50.679 16184 16330 E BufferQueueProducer: [SurfaceTexture-1-16184-0](id:3f3800000001,api:3,p:16184,c:16184) detachBuffer: slot 62 is not owned by the producer (state = FREE)
09-24 21:38:50.679 16184 16330 E BufferQueueProducer: [SurfaceTexture-1-16184-0](id:3f3800000001,api:3,p:16184,c:16184) detachBuffer: slot 63 is not owned by the producer (state = FREE)
09-24 21:38:50.697 16184 16278 E OpenGLRenderer: fbcNotifyFrameComplete error: undefined symbol: fbcNotifyFrameComplete
09-24 21:38:50.697 16184 16278 E OpenGLRenderer: fbcNotifyNoRender error: undefined symbol: fbcNotifyNoRender
