--------- beginning of main
09-24 21:39:32.744 16776 16828 E VgcSdkManager: VgcSdkManager init versionName:1.0.0.2
09-24 21:39:33.119 16776 16955 E ion     : ioctl c0044901 failed with code -1: Invalid argument
09-24 21:39:33.126 16776 16928 E ion     : ioctl c0044901 failed with code -1: Invalid argument
09-24 21:39:33.143 16776 16875 E OpenGLRenderer: fbcNotifyFrameComplete error: undefined symbol: fbcNotifyFrameComplete
09-24 21:39:33.143 16776 16875 E OpenGLRenderer: fbcNotifyNoRender error: undefined symbol: fbcNotifyNoRender
09-24 21:39:33.175 16776 16927 E BufferQueueProducer: [SurfaceTexture-1-16776-0](id:418800000001,api:3,p:16776,c:16776) detachBuffer: slot 0 is not owned by the producer (state = FREE)
09-24 21:39:33.176 16776 16927 E BufferQueueProducer: [SurfaceTexture-1-16776-0](id:418800000001,api:3,p:16776,c:16776) detachBuffer: slot 1 is not owned by the producer (state = FREE)
09-24 21:39:33.176 16776 16927 E BufferQueueProducer: [SurfaceTexture-1-16776-0](id:418800000001,api:3,p:16776,c:16776) detachBuffer: slot 2 is not owned by the producer (state = FREE)
09-24 21:39:33.176 16776 16927 E BufferQueueProducer: [SurfaceTexture-1-16776-0](id:418800000001,api:3,p:16776,c:16776) detachBuffer: slot 3 is not owned by the producer (state = FREE)
09-24 21:39:33.176 16776 16927 E BufferQueueProducer: [SurfaceTexture-1-16776-0](id:418800000001,api:3,p:16776,c:16776) detachBuffer: slot 4 is not owned by the producer (state = FREE)
09-24 21:39:33.176 16776 16927 E BufferQueueProducer: [SurfaceTexture-1-16776-0](id:418800000001,api:3,p:16776,c:16776) detachBuffer: slot 5 is not owned by the producer (state = FREE)
09-24 21:39:33.176 16776 16927 E BufferQueueProducer: [SurfaceTexture-1-16776-0](id:418800000001,api:3,p:16776,c:16776) detachBuffer: slot 6 is not owned by the producer (state = FREE)
09-24 21:39:33.177 16776 16927 E BufferQueueProducer: [SurfaceTexture-1-16776-0](id:418800000001,api:3,p:16776,c:16776) detachBuffer: slot 7 is not owned by the producer (state = FREE)
09-24 21:39:33.177 16776 16927 E BufferQueueProducer: [SurfaceTexture-1-16776-0](id:418800000001,api:3,p:16776,c:16776) detachBuffer: slot 8 is not owned by the producer (state = FREE)
09-24 21:39:33.177 16776 16927 E BufferQueueProducer: [SurfaceTexture-1-16776-0](id:418800000001,api:3,p:16776,c:16776) detachBuffer: slot 9 is not owned by the producer (state = FREE)
09-24 21:39:33.177 16776 16927 E BufferQueueProducer: [SurfaceTexture-1-16776-0](id:418800000001,api:3,p:16776,c:16776) detachBuffer: slot 10 is not owned by the producer (state = FREE)
09-24 21:39:33.177 16776 16927 E BufferQueueProducer: [SurfaceTexture-1-16776-0](id:418800000001,api:3,p:16776,c:16776) detachBuffer: slot 11 is not owned by the producer (state = FREE)
09-24 21:39:33.177 16776 16927 E BufferQueueProducer: [SurfaceTexture-1-16776-0](id:418800000001,api:3,p:16776,c:16776) detachBuffer: slot 12 is not owned by the producer (state = FREE)
09-24 21:39:33.177 16776 16927 E BufferQueueProducer: [SurfaceTexture-1-16776-0](id:418800000001,api:3,p:16776,c:16776) detachBuffer: slot 13 is not owned by the producer (state = FREE)
09-24 21:39:33.177 16776 16927 E BufferQueueProducer: [SurfaceTexture-1-16776-0](id:418800000001,api:3,p:16776,c:16776) detachBuffer: slot 14 is not owned by the producer (state = FREE)
09-24 21:39:33.177 16776 16927 E BufferQueueProducer: [SurfaceTexture-1-16776-0](id:418800000001,api:3,p:16776,c:16776) detachBuffer: slot 15 is not owned by the producer (state = FREE)
09-24 21:39:33.178 16776 16927 E BufferQueueProducer: [SurfaceTexture-1-16776-0](id:418800000001,api:3,p:16776,c:16776) detachBuffer: slot 16 is not owned by the producer (state = FREE)
09-24 21:39:33.178 16776 16927 E BufferQueueProducer: [SurfaceTexture-1-16776-0](id:418800000001,api:3,p:16776,c:16776) detachBuffer: slot 17 is not owned by the producer (state = FREE)
09-24 21:39:33.178 16776 16927 E BufferQueueProducer: [SurfaceTexture-1-16776-0](id:418800000001,api:3,p:16776,c:16776) detachBuffer: slot 18 is not owned by the producer (state = FREE)
09-24 21:39:33.178 16776 16927 E BufferQueueProducer: [SurfaceTexture-1-16776-0](id:418800000001,api:3,p:16776,c:16776) detachBuffer: slot 19 is not owned by the producer (state = FREE)
09-24 21:39:33.178 16776 16927 E BufferQueueProducer: [SurfaceTexture-1-16776-0](id:418800000001,api:3,p:16776,c:16776) detachBuffer: slot 20 is not owned by the producer (state = FREE)
09-24 21:39:33.178 16776 16927 E BufferQueueProducer: [SurfaceTexture-1-16776-0](id:418800000001,api:3,p:16776,c:16776) detachBuffer: slot 21 is not owned by the producer (state = FREE)
09-24 21:39:33.178 16776 16927 E BufferQueueProducer: [SurfaceTexture-1-16776-0](id:418800000001,api:3,p:16776,c:16776) detachBuffer: slot 22 is not owned by the producer (state = FREE)
09-24 21:39:33.179 16776 16927 E BufferQueueProducer: [SurfaceTexture-1-16776-0](id:418800000001,api:3,p:16776,c:16776) detachBuffer: slot 23 is not owned by the producer (state = FREE)
09-24 21:39:33.179 16776 16927 E BufferQueueProducer: [SurfaceTexture-1-16776-0](id:418800000001,api:3,p:16776,c:16776) detachBuffer: slot 24 is not owned by the producer (state = FREE)
09-24 21:39:33.179 16776 16927 E BufferQueueProducer: [SurfaceTexture-1-16776-0](id:418800000001,api:3,p:16776,c:16776) detachBuffer: slot 25 is not owned by the producer (state = FREE)
09-24 21:39:33.179 16776 16927 E BufferQueueProducer: [SurfaceTexture-1-16776-0](id:418800000001,api:3,p:16776,c:16776) detachBuffer: slot 26 is not owned by the producer (state = FREE)
09-24 21:39:33.180 16776 16927 E BufferQueueProducer: [SurfaceTexture-1-16776-0](id:418800000001,api:3,p:16776,c:16776) detachBuffer: slot 27 is not owned by the producer (state = FREE)
09-24 21:39:33.180 16776 16927 E BufferQueueProducer: [SurfaceTexture-1-16776-0](id:418800000001,api:3,p:16776,c:16776) detachBuffer: slot 28 is not owned by the producer (state = FREE)
09-24 21:39:33.180 16776 16927 E BufferQueueProducer: [SurfaceTexture-1-16776-0](id:418800000001,api:3,p:16776,c:16776) detachBuffer: slot 29 is not owned by the producer (state = FREE)
09-24 21:39:33.180 16776 16927 E BufferQueueProducer: [SurfaceTexture-1-16776-0](id:418800000001,api:3,p:16776,c:16776) detachBuffer: slot 30 is not owned by the producer (state = FREE)
09-24 21:39:33.180 16776 16927 E BufferQueueProducer: [SurfaceTexture-1-16776-0](id:418800000001,api:3,p:16776,c:16776) detachBuffer: slot 31 is not owned by the producer (state = FREE)
09-24 21:39:33.180 16776 16927 E BufferQueueProducer: [SurfaceTexture-1-16776-0](id:418800000001,api:3,p:16776,c:16776) detachBuffer: slot 32 is not owned by the producer (state = FREE)
09-24 21:39:33.180 16776 16927 E BufferQueueProducer: [SurfaceTexture-1-16776-0](id:418800000001,api:3,p:16776,c:16776) detachBuffer: slot 33 is not owned by the producer (state = FREE)
09-24 21:39:33.181 16776 16927 E BufferQueueProducer: [SurfaceTexture-1-16776-0](id:418800000001,api:3,p:16776,c:16776) detachBuffer: slot 34 is not owned by the producer (state = FREE)
09-24 21:39:33.181 16776 16927 E BufferQueueProducer: [SurfaceTexture-1-16776-0](id:418800000001,api:3,p:16776,c:16776) detachBuffer: slot 35 is not owned by the producer (state = FREE)
09-24 21:39:33.181 16776 16927 E BufferQueueProducer: [SurfaceTexture-1-16776-0](id:418800000001,api:3,p:16776,c:16776) detachBuffer: slot 36 is not owned by the producer (state = FREE)
09-24 21:39:33.181 16776 16927 E BufferQueueProducer: [SurfaceTexture-1-16776-0](id:418800000001,api:3,p:16776,c:16776) detachBuffer: slot 37 is not owned by the producer (state = FREE)
09-24 21:39:33.181 16776 16927 E BufferQueueProducer: [SurfaceTexture-1-16776-0](id:418800000001,api:3,p:16776,c:16776) detachBuffer: slot 38 is not owned by the producer (state = FREE)
09-24 21:39:33.181 16776 16927 E BufferQueueProducer: [SurfaceTexture-1-16776-0](id:418800000001,api:3,p:16776,c:16776) detachBuffer: slot 39 is not owned by the producer (state = FREE)
09-24 21:39:33.181 16776 16927 E BufferQueueProducer: [SurfaceTexture-1-16776-0](id:418800000001,api:3,p:16776,c:16776) detachBuffer: slot 40 is not owned by the producer (state = FREE)
09-24 21:39:33.182 16776 16927 E BufferQueueProducer: [SurfaceTexture-1-16776-0](id:418800000001,api:3,p:16776,c:16776) detachBuffer: slot 41 is not owned by the producer (state = FREE)
09-24 21:39:33.182 16776 16927 E BufferQueueProducer: [SurfaceTexture-1-16776-0](id:418800000001,api:3,p:16776,c:16776) detachBuffer: slot 42 is not owned by the producer (state = FREE)
09-24 21:39:33.182 16776 16927 E BufferQueueProducer: [SurfaceTexture-1-16776-0](id:418800000001,api:3,p:16776,c:16776) detachBuffer: slot 43 is not owned by the producer (state = FREE)
